  Determining projects to restore...
  All projects are up-to-date for restore.
C:\Program Files\dotnet\sdk\9.0.102\Microsoft.Common.CurrentVersion.targets(5322,5): warning MSB3026: Could not copy "C:\Users\AFAQE\Desktop\SecureEcommerce\SecureEcommerce\BackEnd\obj\Debug\net8.0\apphost.exe" to "bin\Debug\net8.0\BackEnd.exe". Beginning retry 1 in 1000ms. The process cannot access the file 'C:\Users\AFAQE\Desktop\SecureEcommerce\SecureEcommerce\BackEnd\bin\Debug\net8.0\BackEnd.exe' because it is being used by another process. The file is locked by: "BackEnd (25620)" [C:\Users\AFAQE\Desktop\SecureEcommerce\SecureEcommerce\BackEnd\BackEnd.csproj]
C:\Program Files\dotnet\sdk\9.0.102\Microsoft.Common.CurrentVersion.targets(5322,5): warning MSB3026: Could not copy "C:\Users\AFAQE\Desktop\SecureEcommerce\SecureEcommerce\BackEnd\obj\Debug\net8.0\apphost.exe" to "bin\Debug\net8.0\BackEnd.exe". Beginning retry 2 in 1000ms. The process cannot access the file 'C:\Users\AFAQE\Desktop\SecureEcommerce\SecureEcommerce\BackEnd\bin\Debug\net8.0\BackEnd.exe' because it is being used by another process. The file is locked by: "BackEnd (25620)" [C:\Users\AFAQE\Desktop\SecureEcommerce\SecureEcommerce\BackEnd\BackEnd.csproj]
C:\Program Files\dotnet\sdk\9.0.102\Microsoft.Common.CurrentVersion.targets(5322,5): warning MSB3026: Could not copy "C:\Users\AFAQE\Desktop\SecureEcommerce\SecureEcommerce\BackEnd\obj\Debug\net8.0\apphost.exe" to "bin\Debug\net8.0\BackEnd.exe". Beginning retry 3 in 1000ms. The process cannot access the file 'C:\Users\AFAQE\Desktop\SecureEcommerce\SecureEcommerce\BackEnd\bin\Debug\net8.0\BackEnd.exe' because it is being used by another process. The file is locked by: "BackEnd (25620)" [C:\Users\AFAQE\Desktop\SecureEcommerce\SecureEcommerce\BackEnd\BackEnd.csproj]
C:\Program Files\dotnet\sdk\9.0.102\Microsoft.Common.CurrentVersion.targets(5322,5): warning MSB3026: Could not copy "C:\Users\AFAQE\Desktop\SecureEcommerce\SecureEcommerce\BackEnd\obj\Debug\net8.0\apphost.exe" to "bin\Debug\net8.0\BackEnd.exe". Beginning retry 4 in 1000ms. The process cannot access the file 'C:\Users\AFAQE\Desktop\SecureEcommerce\SecureEcommerce\BackEnd\bin\Debug\net8.0\BackEnd.exe' because it is being used by another process. The file is locked by: "BackEnd (25620)" [C:\Users\AFAQE\Desktop\SecureEcommerce\SecureEcommerce\BackEnd\BackEnd.csproj]
C:\Program Files\dotnet\sdk\9.0.102\Microsoft.Common.CurrentVersion.targets(5322,5): warning MSB3026: Could not copy "C:\Users\AFAQE\Desktop\SecureEcommerce\SecureEcommerce\BackEnd\obj\Debug\net8.0\apphost.exe" to "bin\Debug\net8.0\BackEnd.exe". Beginning retry 5 in 1000ms. The process cannot access the file 'C:\Users\AFAQE\Desktop\SecureEcommerce\SecureEcommerce\BackEnd\bin\Debug\net8.0\BackEnd.exe' because it is being used by another process. The file is locked by: "BackEnd (25620)" [C:\Users\AFAQE\Desktop\SecureEcommerce\SecureEcommerce\BackEnd\BackEnd.csproj]
C:\Program Files\dotnet\sdk\9.0.102\Microsoft.Common.CurrentVersion.targets(5322,5): warning MSB3026: Could not copy "C:\Users\AFAQE\Desktop\SecureEcommerce\SecureEcommerce\BackEnd\obj\Debug\net8.0\apphost.exe" to "bin\Debug\net8.0\BackEnd.exe". Beginning retry 6 in 1000ms. The process cannot access the file 'C:\Users\AFAQE\Desktop\SecureEcommerce\SecureEcommerce\BackEnd\bin\Debug\net8.0\BackEnd.exe' because it is being used by another process. The file is locked by: "BackEnd (25620)" [C:\Users\AFAQE\Desktop\SecureEcommerce\SecureEcommerce\BackEnd\BackEnd.csproj]
C:\Program Files\dotnet\sdk\9.0.102\Microsoft.Common.CurrentVersion.targets(5322,5): warning MSB3026: Could not copy "C:\Users\AFAQE\Desktop\SecureEcommerce\SecureEcommerce\BackEnd\obj\Debug\net8.0\apphost.exe" to "bin\Debug\net8.0\BackEnd.exe". Beginning retry 7 in 1000ms. The process cannot access the file 'C:\Users\AFAQE\Desktop\SecureEcommerce\SecureEcommerce\BackEnd\bin\Debug\net8.0\BackEnd.exe' because it is being used by another process. The file is locked by: "BackEnd (25620)" [C:\Users\AFAQE\Desktop\SecureEcommerce\SecureEcommerce\BackEnd\BackEnd.csproj]
C:\Program Files\dotnet\sdk\9.0.102\Microsoft.Common.CurrentVersion.targets(5322,5): warning MSB3026: Could not copy "C:\Users\AFAQE\Desktop\SecureEcommerce\SecureEcommerce\BackEnd\obj\Debug\net8.0\apphost.exe" to "bin\Debug\net8.0\BackEnd.exe". Beginning retry 8 in 1000ms. The process cannot access the file 'C:\Users\AFAQE\Desktop\SecureEcommerce\SecureEcommerce\BackEnd\bin\Debug\net8.0\BackEnd.exe' because it is being used by another process. The file is locked by: "BackEnd (25620)" [C:\Users\AFAQE\Desktop\SecureEcommerce\SecureEcommerce\BackEnd\BackEnd.csproj]
C:\Program Files\dotnet\sdk\9.0.102\Microsoft.Common.CurrentVersion.targets(5322,5): warning MSB3026: Could not copy "C:\Users\AFAQE\Desktop\SecureEcommerce\SecureEcommerce\BackEnd\obj\Debug\net8.0\apphost.exe" to "bin\Debug\net8.0\BackEnd.exe". Beginning retry 9 in 1000ms. The process cannot access the file 'C:\Users\AFAQE\Desktop\SecureEcommerce\SecureEcommerce\BackEnd\bin\Debug\net8.0\BackEnd.exe' because it is being used by another process. The file is locked by: "BackEnd (25620)" [C:\Users\AFAQE\Desktop\SecureEcommerce\SecureEcommerce\BackEnd\BackEnd.csproj]
C:\Program Files\dotnet\sdk\9.0.102\Microsoft.Common.CurrentVersion.targets(5322,5): warning MSB3026: Could not copy "C:\Users\AFAQE\Desktop\SecureEcommerce\SecureEcommerce\BackEnd\obj\Debug\net8.0\apphost.exe" to "bin\Debug\net8.0\BackEnd.exe". Beginning retry 10 in 1000ms. The process cannot access the file 'C:\Users\AFAQE\Desktop\SecureEcommerce\SecureEcommerce\BackEnd\bin\Debug\net8.0\BackEnd.exe' because it is being used by another process. The file is locked by: "BackEnd (25620)" [C:\Users\AFAQE\Desktop\SecureEcommerce\SecureEcommerce\BackEnd\BackEnd.csproj]
C:\Program Files\dotnet\sdk\9.0.102\Microsoft.Common.CurrentVersion.targets(5322,5): error MSB3027: Could not copy "C:\Users\AFAQE\Desktop\SecureEcommerce\SecureEcommerce\BackEnd\obj\Debug\net8.0\apphost.exe" to "bin\Debug\net8.0\BackEnd.exe". Exceeded retry count of 10. Failed. The file is locked by: "BackEnd (25620)" [C:\Users\AFAQE\Desktop\SecureEcommerce\SecureEcommerce\BackEnd\BackEnd.csproj]
C:\Program Files\dotnet\sdk\9.0.102\Microsoft.Common.CurrentVersion.targets(5322,5): error MSB3021: Unable to copy file "C:\Users\AFAQE\Desktop\SecureEcommerce\SecureEcommerce\BackEnd\obj\Debug\net8.0\apphost.exe" to "bin\Debug\net8.0\BackEnd.exe". The process cannot access the file 'C:\Users\AFAQE\Desktop\SecureEcommerce\SecureEcommerce\BackEnd\bin\Debug\net8.0\BackEnd.exe' because it is being used by another process. [C:\Users\AFAQE\Desktop\SecureEcommerce\SecureEcommerce\BackEnd\BackEnd.csproj]

Build FAILED.

C:\Program Files\dotnet\sdk\9.0.102\Microsoft.Common.CurrentVersion.targets(5322,5): warning MSB3026: Could not copy "C:\Users\AFAQE\Desktop\SecureEcommerce\SecureEcommerce\BackEnd\obj\Debug\net8.0\apphost.exe" to "bin\Debug\net8.0\BackEnd.exe". Beginning retry 1 in 1000ms. The process cannot access the file 'C:\Users\AFAQE\Desktop\SecureEcommerce\SecureEcommerce\BackEnd\bin\Debug\net8.0\BackEnd.exe' because it is being used by another process. The file is locked by: "BackEnd (25620)" [C:\Users\AFAQE\Desktop\SecureEcommerce\SecureEcommerce\BackEnd\BackEnd.csproj]
C:\Program Files\dotnet\sdk\9.0.102\Microsoft.Common.CurrentVersion.targets(5322,5): warning MSB3026: Could not copy "C:\Users\AFAQE\Desktop\SecureEcommerce\SecureEcommerce\BackEnd\obj\Debug\net8.0\apphost.exe" to "bin\Debug\net8.0\BackEnd.exe". Beginning retry 2 in 1000ms. The process cannot access the file 'C:\Users\AFAQE\Desktop\SecureEcommerce\SecureEcommerce\BackEnd\bin\Debug\net8.0\BackEnd.exe' because it is being used by another process. The file is locked by: "BackEnd (25620)" [C:\Users\AFAQE\Desktop\SecureEcommerce\SecureEcommerce\BackEnd\BackEnd.csproj]
C:\Program Files\dotnet\sdk\9.0.102\Microsoft.Common.CurrentVersion.targets(5322,5): warning MSB3026: Could not copy "C:\Users\AFAQE\Desktop\SecureEcommerce\SecureEcommerce\BackEnd\obj\Debug\net8.0\apphost.exe" to "bin\Debug\net8.0\BackEnd.exe". Beginning retry 3 in 1000ms. The process cannot access the file 'C:\Users\AFAQE\Desktop\SecureEcommerce\SecureEcommerce\BackEnd\bin\Debug\net8.0\BackEnd.exe' because it is being used by another process. The file is locked by: "BackEnd (25620)" [C:\Users\AFAQE\Desktop\SecureEcommerce\SecureEcommerce\BackEnd\BackEnd.csproj]
C:\Program Files\dotnet\sdk\9.0.102\Microsoft.Common.CurrentVersion.targets(5322,5): warning MSB3026: Could not copy "C:\Users\AFAQE\Desktop\SecureEcommerce\SecureEcommerce\BackEnd\obj\Debug\net8.0\apphost.exe" to "bin\Debug\net8.0\BackEnd.exe". Beginning retry 4 in 1000ms. The process cannot access the file 'C:\Users\AFAQE\Desktop\SecureEcommerce\SecureEcommerce\BackEnd\bin\Debug\net8.0\BackEnd.exe' because it is being used by another process. The file is locked by: "BackEnd (25620)" [C:\Users\AFAQE\Desktop\SecureEcommerce\SecureEcommerce\BackEnd\BackEnd.csproj]
C:\Program Files\dotnet\sdk\9.0.102\Microsoft.Common.CurrentVersion.targets(5322,5): warning MSB3026: Could not copy "C:\Users\AFAQE\Desktop\SecureEcommerce\SecureEcommerce\BackEnd\obj\Debug\net8.0\apphost.exe" to "bin\Debug\net8.0\BackEnd.exe". Beginning retry 5 in 1000ms. The process cannot access the file 'C:\Users\AFAQE\Desktop\SecureEcommerce\SecureEcommerce\BackEnd\bin\Debug\net8.0\BackEnd.exe' because it is being used by another process. The file is locked by: "BackEnd (25620)" [C:\Users\AFAQE\Desktop\SecureEcommerce\SecureEcommerce\BackEnd\BackEnd.csproj]
C:\Program Files\dotnet\sdk\9.0.102\Microsoft.Common.CurrentVersion.targets(5322,5): warning MSB3026: Could not copy "C:\Users\AFAQE\Desktop\SecureEcommerce\SecureEcommerce\BackEnd\obj\Debug\net8.0\apphost.exe" to "bin\Debug\net8.0\BackEnd.exe". Beginning retry 6 in 1000ms. The process cannot access the file 'C:\Users\AFAQE\Desktop\SecureEcommerce\SecureEcommerce\BackEnd\bin\Debug\net8.0\BackEnd.exe' because it is being used by another process. The file is locked by: "BackEnd (25620)" [C:\Users\AFAQE\Desktop\SecureEcommerce\SecureEcommerce\BackEnd\BackEnd.csproj]
C:\Program Files\dotnet\sdk\9.0.102\Microsoft.Common.CurrentVersion.targets(5322,5): warning MSB3026: Could not copy "C:\Users\AFAQE\Desktop\SecureEcommerce\SecureEcommerce\BackEnd\obj\Debug\net8.0\apphost.exe" to "bin\Debug\net8.0\BackEnd.exe". Beginning retry 7 in 1000ms. The process cannot access the file 'C:\Users\AFAQE\Desktop\SecureEcommerce\SecureEcommerce\BackEnd\bin\Debug\net8.0\BackEnd.exe' because it is being used by another process. The file is locked by: "BackEnd (25620)" [C:\Users\AFAQE\Desktop\SecureEcommerce\SecureEcommerce\BackEnd\BackEnd.csproj]
C:\Program Files\dotnet\sdk\9.0.102\Microsoft.Common.CurrentVersion.targets(5322,5): warning MSB3026: Could not copy "C:\Users\AFAQE\Desktop\SecureEcommerce\SecureEcommerce\BackEnd\obj\Debug\net8.0\apphost.exe" to "bin\Debug\net8.0\BackEnd.exe". Beginning retry 8 in 1000ms. The process cannot access the file 'C:\Users\AFAQE\Desktop\SecureEcommerce\SecureEcommerce\BackEnd\bin\Debug\net8.0\BackEnd.exe' because it is being used by another process. The file is locked by: "BackEnd (25620)" [C:\Users\AFAQE\Desktop\SecureEcommerce\SecureEcommerce\BackEnd\BackEnd.csproj]
C:\Program Files\dotnet\sdk\9.0.102\Microsoft.Common.CurrentVersion.targets(5322,5): warning MSB3026: Could not copy "C:\Users\AFAQE\Desktop\SecureEcommerce\SecureEcommerce\BackEnd\obj\Debug\net8.0\apphost.exe" to "bin\Debug\net8.0\BackEnd.exe". Beginning retry 9 in 1000ms. The process cannot access the file 'C:\Users\AFAQE\Desktop\SecureEcommerce\SecureEcommerce\BackEnd\bin\Debug\net8.0\BackEnd.exe' because it is being used by another process. The file is locked by: "BackEnd (25620)" [C:\Users\AFAQE\Desktop\SecureEcommerce\SecureEcommerce\BackEnd\BackEnd.csproj]
C:\Program Files\dotnet\sdk\9.0.102\Microsoft.Common.CurrentVersion.targets(5322,5): warning MSB3026: Could not copy "C:\Users\AFAQE\Desktop\SecureEcommerce\SecureEcommerce\BackEnd\obj\Debug\net8.0\apphost.exe" to "bin\Debug\net8.0\BackEnd.exe". Beginning retry 10 in 1000ms. The process cannot access the file 'C:\Users\AFAQE\Desktop\SecureEcommerce\SecureEcommerce\BackEnd\bin\Debug\net8.0\BackEnd.exe' because it is being used by another process. The file is locked by: "BackEnd (25620)" [C:\Users\AFAQE\Desktop\SecureEcommerce\SecureEcommerce\BackEnd\BackEnd.csproj]
C:\Program Files\dotnet\sdk\9.0.102\Microsoft.Common.CurrentVersion.targets(5322,5): error MSB3027: Could not copy "C:\Users\AFAQE\Desktop\SecureEcommerce\SecureEcommerce\BackEnd\obj\Debug\net8.0\apphost.exe" to "bin\Debug\net8.0\BackEnd.exe". Exceeded retry count of 10. Failed. The file is locked by: "BackEnd (25620)" [C:\Users\AFAQE\Desktop\SecureEcommerce\SecureEcommerce\BackEnd\BackEnd.csproj]
C:\Program Files\dotnet\sdk\9.0.102\Microsoft.Common.CurrentVersion.targets(5322,5): error MSB3021: Unable to copy file "C:\Users\AFAQE\Desktop\SecureEcommerce\SecureEcommerce\BackEnd\obj\Debug\net8.0\apphost.exe" to "bin\Debug\net8.0\BackEnd.exe". The process cannot access the file 'C:\Users\AFAQE\Desktop\SecureEcommerce\SecureEcommerce\BackEnd\bin\Debug\net8.0\BackEnd.exe' because it is being used by another process. [C:\Users\AFAQE\Desktop\SecureEcommerce\SecureEcommerce\BackEnd\BackEnd.csproj]
    10 Warning(s)
    2 Error(s)

Time Elapsed 00:00:13.63
